
=== C4-B: Within-Term Decoupling Analysis ===
H: decoupling fraction increases with model scale


============================================================
C4-B: crfm-gpt2-sm-x1
============================================================
  Term                            rho_early  rho_late   decouple
  ------------------------------------------------------------
  alt text                        +0.400     +0.738       coupled 
  aria attribute                  +0.211     +0.000     ✓ DECOUPLE
  color contrast                  +0.632     +0.894       coupled 
  focus indicator                 +0.200     +1.000       coupled 
  heading structure               +1.000     +0.400       coupled 
  keyboard navigation             +0.800     +0.000     ✓ DECOUPLE
  landmark region                 +0.000     +0.949       neg/zero
  screen reader                   +0.949     +0.211       coupled 
  skip link                       +0.738     -0.211     ✓ DECOUPLE

  Early coupling     (rho_e > 0):          8/9 (88.9%)
  Strict decouple    (e>0, l≤0):           3/9 (33.3%)
  Attenuation        (e>0, l<0.5×e):       5/9 (55.6%)
  Mean rho_early=+0.548   mean rho_late=+0.442
  ✅ Saved: crfm-gpt2-sm-x1_within_term_decoupling.csv

============================================================
C4-B: crfm-gpt2-sm-x2
============================================================
  Term                            rho_early  rho_late   decouple
  ------------------------------------------------------------
  alt text                        +0.000     +0.800       neg/zero
  aria attribute                  -1.000     -0.200       neg/zero
  color contrast                  -0.105     -0.600       neg/zero
  focus indicator                 +0.400     -0.316     ✓ DECOUPLE
  heading structure               +0.400     -0.211     ✓ DECOUPLE
  keyboard navigation             +1.000     +0.632       coupled 
  landmark region                 +0.316     +0.894       coupled 
  screen reader                   +0.400     -0.600     ✓ DECOUPLE
  skip link                       -0.200     -0.800       neg/zero

  Early coupling     (rho_e > 0):          5/9 (55.6%)
  Strict decouple    (e>0, l≤0):           3/9 (33.3%)
  Attenuation        (e>0, l<0.5×e):       3/9 (33.3%)
  Mean rho_early=+0.135   mean rho_late=-0.044
  ✅ Saved: crfm-gpt2-sm-x2_within_term_decoupling.csv

============================================================
C4-B: crfm-gpt2-sm-x3
============================================================
  Term                            rho_early  rho_late   decouple
  ------------------------------------------------------------
  alt text                        +1.000     -0.400     ✓ DECOUPLE
  aria attribute                  +0.400     +0.949       coupled 
  color contrast                  +0.105     +0.600       coupled 
  focus indicator                 +0.800     -0.211     ✓ DECOUPLE
  heading structure               +0.258     +0.632       coupled 
  keyboard navigation             +1.000     +0.800       coupled 
  landmark region                 +0.949     -0.316     ✓ DECOUPLE
  screen reader                   +0.400     -0.316     ✓ DECOUPLE
  skip link                       +0.800     +0.600       coupled 

  Early coupling     (rho_e > 0):          9/9 (100.0%)
  Strict decouple    (e>0, l≤0):           4/9 (44.4%)
  Attenuation        (e>0, l<0.5×e):       4/9 (44.4%)
  Mean rho_early=+0.635   mean rho_late=+0.260
  ✅ Saved: crfm-gpt2-sm-x3_within_term_decoupling.csv

============================================================
C4-B: crfm-gpt2-sm-x4
============================================================
  Term                            rho_early  rho_late   decouple
  ------------------------------------------------------------
  alt text                        +1.000     +0.211       coupled 
  aria attribute                  +0.400     -0.400     ✓ DECOUPLE
  color contrast                  +0.400     +0.800       coupled 
  focus indicator                 +1.000     -0.400     ✓ DECOUPLE
  heading structure               +0.258     +0.316       coupled 
  keyboard navigation             +0.800     -0.400     ✓ DECOUPLE
  landmark region                 +0.800     +0.316       coupled 
  screen reader                   +0.775     +0.200       coupled 
  skip link                       +0.800     -0.400     ✓ DECOUPLE

  Early coupling     (rho_e > 0):          9/9 (100.0%)
  Strict decouple    (e>0, l≤0):           4/9 (44.4%)
  Attenuation        (e>0, l<0.5×e):       7/9 (77.8%)
  Mean rho_early=+0.693   mean rho_late=+0.027
  ✅ Saved: crfm-gpt2-sm-x4_within_term_decoupling.csv

============================================================
C4-B: crfm-gpt2-sm-x5
============================================================
  Term                            rho_early  rho_late   decouple
  ------------------------------------------------------------
  alt text                        +0.800     +0.800       coupled 
  aria attribute                  -0.316     +0.949       neg/zero
  color contrast                  +0.211     -0.316     ✓ DECOUPLE
  focus indicator                 +0.400     +0.316       coupled 
  heading structure               +0.775     +0.738       coupled 
  keyboard navigation             +0.800     +0.400       coupled 
  landmark region                 +0.800     +0.949       coupled 
  screen reader                   +0.000     +1.000       neg/zero
  skip link                       +0.400     +0.738       coupled 

  Early coupling     (rho_e > 0):          7/9 (77.8%)
  Strict decouple    (e>0, l≤0):           1/9 (11.1%)
  Attenuation        (e>0, l<0.5×e):       1/9 (11.1%)
  Mean rho_early=+0.430   mean rho_late=+0.619
  ✅ Saved: crfm-gpt2-sm-x5_within_term_decoupling.csv

=== DECOUPLING SUMMARY ===
  crfm-gpt2-sm-x1       3/9 decouple (33%)
  crfm-gpt2-sm-x2       3/9 decouple (33%)
  crfm-gpt2-sm-x3       4/9 decouple (44%)
  crfm-gpt2-sm-x4       4/9 decouple (44%)
  crfm-gpt2-sm-x5       1/9 decouple (11%)
